SQL> CREATE TABLE DEPARTAMENTO
  2  (CD NUMBER(2) PRIMARY KEY, D VARCHAR2(60));

Table created.

SQL> CREATE TABLE AREA
  2  (CAR NUMBER(3) PRIMARY KEY, AR VARCHAR2(60), CD NUMBER(2) REFERENCES DEPARTAMENTO ON DELETE CASCADE);

Table created.

SQL> CREATE TABLE PROFESOR
  2  (DNI NUMBER(8) PRIMARY KEY, P VARCHAR2(60), CAR NUMBER(3), CAT VARCHAR2(5), FOREIGN KEY (CAR) REFERENCES AREA ON DELETE SET NULL);

Table created.

SQL> CREATE TABLE ASIGNATURA
  2  (CAS NUMBER(3) PRIMARY KEY, A VARCHAR2(50) NOT NULL, T CHAR(4) NOT NULL, CUR NUMBER(1) CHECK (CUR BETWEEN 1 AND 5), CAR NUMBER(3) REFERENCES AREA ON DELETE SET NULL, CT NUMBER(3,1) DEFAULT 0.0, CP NUMBER(3,1) DEFAULT 0.0, CL NUMBER(3,1) DEFAULT 0.0);

Table created.

SQL> CREATE TABLE PLAN_DOCENTE
  2  SPOOL OFF
  3  SPOOL
  4  SPOOL P3
  5  SPOOL
  6  ç
  7  ;
SPOOL OFF
*
ERROR at line 2:
ORA-00922: missing or invalid option 


SQL> SPOOL OFF
SQL> SPOOL
currently spooling to P3.lst
SQL> CREATE TABLE PLAN_DOCENTE
  2  (DNI NUMBER(8), CAS NUMBER(3), CTA NUMBER(3,1) DEFAULT 0.0, CPA NUMBER(3,1) DEFAULT 0.0, CLA NUMBER(3,1) DEFAULT 0.0, FI DATE DEFAULT SYSDATE, FF DATE, PRIMARY KEY (DNI, CAS, FI), FOREIGN KEY(CAS) REFERENCES ASIGNATURA ON DELETE CASCADE, FOREIGN KEY(DNI) REFERENCES PROFESOR ON DELETE CASCADE, CHECK (FF >= FI));

Table created.

SQL> SPOOL OFF
SQL> SPOOL
currently spooling to P3.lst
SQL> INSERT INTO DEPARTAMENTO VALUES ((1,'ANALISIS MATEMÁTICO),(2,'ASTROFISICA'));
ERROR:
ORA-01756: quoted string not properly terminated 


SQL> INSERT INTO DEPARTAMENTO VALUES ((1,'ANALISIS MATEMÁTICO'),(2,'ASTROFISICA'));
INSERT INTO DEPARTAMENTO VALUES ((1,'ANALISIS MATEMÁTICO'),(2,'ASTROFISICA'))
                                   *
ERROR at line 1:
ORA-00907: missing right parenthesis 


SQL> INSERT INTO DEPARTAMENTO VALUES (1,'ANALISIS MATEMÁTICO');

1 row created.

SQL> INSERT INTO DEPARTAMENTO VALUES (2, 'ASTROFÍSICA');

1 row created.

SQL> INSERT INTO DEPARTAMENTO VALUES (3,'ESTADÍSTICA, INVESTIGACIÓN OPERATIVA Y COMPUTACIÓN');
INSERT INTO DEPARTAMENTO VALUES (3,'ESTADÍSTICA, INVESTIGACIÓN OPERATIVA Y COMPUTACIÓN')
                                   *
ERROR at line 1:
ORA-12899: value too large for column "ALU0101129730"."DEPARTAMENTO"."D" 
(actual: 65, maximum: 60) 


SQL> DELETE FROM DEPARTAMENTO
  2  1
  3  ;
1
*
ERROR at line 2:
ORA-00933: SQL command not properly ended 


SQL> DELETE FROM DEPARTAMENTO
  2  WHERE CD=1
  3  WHERE CD=2
  4  ;
WHERE CD=2
*
ERROR at line 3:
ORA-00933: SQL command not properly ended 


SQL> DELETE FROM DEPARTAMENTO
  2  WHERE CD=1;

1 row deleted.

SQL> DELETE FROM DEPARTAMENTO
  2  WHERE CD=2;

1 row deleted.

SQL> INSERT INTO DEPARTAMENTO VALUES (1, 'ANALISIS MATEMATICO);
ERROR:
ORA-01756: quoted string not properly terminated 


SQL> INSERT INTO DEPARTAMENTO VALUES (1, 'ANALISIS MATEMATICO');

1 row created.

SQL> INSERT INTO DEPARTAMENTO VALUES (2, 'ASTROFISICA');

1 row created.

SQL> INSERT INTO DEPARTAMENTO VALUES (3, 'ESTADISTICA, INVESTIGACION OPERATIVA Y COMPUTACION');

1 row created.

SQL> INSERT INTO DEPARTAMENTO VALUES (4, 'MATEMATICA FUNDAMENTAL');

1 row created.

SQL> COMMIT;

Commit complete.

SQL> SELECT * FROM DEPARTAMENTO
  2  ;

        CD D                                                                    
---------- ------------------------------------------------------------         
         1 ANALISIS MATEMATICO                                                  
         2 ASTROFISICA                                                          
         3 ESTADISTICA, INVESTIGACION OPERATIVA Y COMPUTACION                   
         4 MATEMATICA FUNDAMENTAL                                               

SQL> INSERT INTO AREA VALUES (1, 'ALGEBRA', 4);

1 row created.

SQL> INSERT INTO AREA VALUES (2, 'ANALISIS MATEMATICO', 1);

1 row created.

SQL> INSERT INTO AREA VALUES (3, 'ASTRONOMIA Y ASTROFISICA', 2);

1 row created.

SQL> INSERT INTO AREA VALUES (4, 'CIENCIAS DE LA COMPUTACION E INTELIGENCIA ARTIFICIAL', 3);

1 row created.

SQL> INSERT INTO AREA VALUES (5, 'DIDACTICA DE LA MATEMATICA', 1);

1 row created.

SQL> INSERT INTO AREA VALUES (6, 'ESTADISTICA E INVESTIGACION OPERATIVA', 3);

1 row created.

SQL> INSERT INTO AREA VALUES (7, 'LENGUAJES Y SISTEMAS INFORMATICOS', 3);

1 row created.

SQL> INSERT INTO AREA VALUES (8, 'MATEMATICA APLICADA', 1);

1 row created.

SQL> SELECT * FROM AREA
  2  ;

       CAR AR                                                                   
---------- ------------------------------------------------------------         
        CD                                                                      
----------                                                                      
         1 ALGEBRA                                                              
         4                                                                      
                                                                                
         2 ANALISIS MATEMATICO                                                  
         1                                                                      
                                                                                
         3 ASTRONOMIA Y ASTROFISICA                                             
         2                                                                      
                                                                                

       CAR AR                                                                   
---------- ------------------------------------------------------------         
        CD                                                                      
----------                                                                      
         4 CIENCIAS DE LA COMPUTACION E INTELIGENCIA ARTIFICIAL                 
         3                                                                      
                                                                                
         5 DIDACTICA DE LA MATEMATICA                                           
         1                                                                      
                                                                                
         6 ESTADISTICA E INVESTIGACION OPERATIVA                                
         3                                                                      
                                                                                

       CAR AR                                                                   
---------- ------------------------------------------------------------         
        CD                                                                      
----------                                                                      
         7 LENGUAJES Y SISTEMAS INFORMATICOS                                    
         3                                                                      
                                                                                
         8 MATEMATICA APLICADA                                                  
         1                                                                      
                                                                                

8 rows selected.

SQL> COMMIT;

Commit complete.

SQL> SELECT * FROM AREA;

       CAR AR                                                                   
---------- ------------------------------------------------------------         
        CD                                                                      
----------                                                                      
         1 ALGEBRA                                                              
         4                                                                      
                                                                                
         2 ANALISIS MATEMATICO                                                  
         1                                                                      
                                                                                
         3 ASTRONOMIA Y ASTROFISICA                                             
         2                                                                      
                                                                                

       CAR AR                                                                   
---------- ------------------------------------------------------------         
        CD                                                                      
----------                                                                      
         4 CIENCIAS DE LA COMPUTACION E INTELIGENCIA ARTIFICIAL                 
         3                                                                      
                                                                                
         5 DIDACTICA DE LA MATEMATICA                                           
         1                                                                      
                                                                                
         6 ESTADISTICA E INVESTIGACION OPERATIVA                                
         3                                                                      
                                                                                

       CAR AR                                                                   
---------- ------------------------------------------------------------         
        CD                                                                      
----------                                                                      
         7 LENGUAJES Y SISTEMAS INFORMATICOS                                    
         3                                                                      
                                                                                
         8 MATEMATICA APLICADA                                                  
         1                                                                      
                                                                                

8 rows selected.

SQL> SELECT * FROM AREA;

       CAR AR                                                                   
---------- ------------------------------------------------------------         
        CD                                                                      
----------                                                                      
         1 ALGEBRA                                                              
         4                                                                      
                                                                                
         2 ANALISIS MATEMATICO                                                  
         1                                                                      
                                                                                
         3 ASTRONOMIA Y ASTROFISICA                                             
         2                                                                      
                                                                                

       CAR AR                                                                   
---------- ------------------------------------------------------------         
        CD                                                                      
----------                                                                      
         4 CIENCIAS DE LA COMPUTACION E INTELIGENCIA ARTIFICIAL                 
         3                                                                      
                                                                                
         5 DIDACTICA DE LA MATEMATICA                                           
         1                                                                      
                                                                                
         6 ESTADISTICA E INVESTIGACION OPERATIVA                                
         3                                                                      
                                                                                

       CAR AR                                                                   
---------- ------------------------------------------------------------         
        CD                                                                      
----------                                                                      
         7 LENGUAJES Y SISTEMAS INFORMATICOS                                    
         3                                                                      
                                                                                
         8 MATEMATICA APLICADA                                                  
         1                                                                      
                                                                                

8 rows selected.

SQL> SELECT * FROM AREA;

       CAR AR                                                                   
---------- ------------------------------------------------------------         
        CD                                                                      
----------                                                                      
         1 ALGEBRA                                                              
         4                                                                      
                                                                                
         2 ANALISIS MATEMATICO                                                  
         1                                                                      
                                                                                
         3 ASTRONOMIA Y ASTROFISICA                                             
         2                                                                      
                                                                                

       CAR AR                                                                   
---------- ------------------------------------------------------------         
        CD                                                                      
----------                                                                      
         4 CIENCIAS DE LA COMPUTACION E INTELIGENCIA ARTIFICIAL                 
         3                                                                      
                                                                                
         5 DIDACTICA DE LA MATEMATICA                                           
         1                                                                      
                                                                                
         6 ESTADISTICA E INVESTIGACION OPERATIVA                                
         3                                                                      
                                                                                

       CAR AR                                                                   
---------- ------------------------------------------------------------         
        CD                                                                      
----------                                                                      
         7 LENGUAJES Y SISTEMAS INFORMATICOS                                    
         3                                                                      
                                                                                
         8 MATEMATICA APLICADA                                                  
         1                                                                      
                                                                                

8 rows selected.

SQL> INSERT INTO PROFESOR VALUES(1111, 'JUAN', 6, CU);
INSERT INTO PROFESOR VALUES(1111, 'JUAN', 6, CU)
                                             *
ERROR at line 1:
ORA-00984: column not allowed here 


SQL> INSERT INTO PROFESOR VALUES(1111, 'JUAN', 6, CU);
INSERT INTO PROFESOR VALUES(1111, 'JUAN', 6, CU)
                                             *
ERROR at line 1:
ORA-00984: column not allowed here 


SQL> SELECT * FROM PROFESOR
  2  ;

no rows selected

SQL> SELECT * FROM PROFESOR;

no rows selected

SQL> INSERT INTO PROFESOR VALUES(1111, 'JUAN', 6, 'CU');

1 row created.

SQL> SELECT * FROM PROFESOR;

       DNI P                                                                    
---------- ------------------------------------------------------------         
       CAR CAT                                                                  
---------- -----                                                                
      1111 JUAN                                                                 
         6 CU                                                                   
                                                                                

SQL> INSERT INTO PROFESOR VALUES(2222, 'CARLOS', 7, 'TU');

1 row created.

SQL> INSERT INTO PROFESOR VALUES(3333, 'PEDRO', 4, 'TEU');

1 row created.

SQL> INSERT INTO PROFESOR VALUES(4444, 'MARIA', 7, 'TU');

1 row created.

SQL> INSERT INTO PROFESOR VALUES(5555, 'IVAN', 1, 'CEU');

1 row created.

SQL> INSERT INTO PROFESOR VALUES(6666, 'CARMEN', 3, 'CD');

1 row created.

SQL> INSERT INTO PROFESOR VALUES(7777, 'MARIO', 2, 'TU');

1 row created.

SQL> INSERT INTO PROFESOR VALUES(8888, 'FRANCISCO', 5, 'TU');

1 row created.

SQL> INSERT INTO PROFESOR VALUES(9999, 'ANGELA', 8, 'TEU');

1 row created.

SQL> INSERT INTO PROFESOR VALUES(1010, 'DAVID', 4, 'TU');

1 row created.

SQL> INSERT INTO PROFESOR VALUES(2020, 'SOLEDAD', 7, 'CU');

1 row created.

SQL> INSERT INTO PROFESOR VALUES(3030, 'JOSE MANUEL', 6, 'TEU');

1 row created.

SQL> COMMIT;

Commit complete.

SQL> SELECT * FROM PROFESOR
  2  ;

       DNI P                                                                    
---------- ------------------------------------------------------------         
       CAR CAT                                                                  
---------- -----                                                                
      1111 JUAN                                                                 
         6 CU                                                                   
                                                                                
      2222 CARLOS                                                               
         7 TU                                                                   
                                                                                
      3333 PEDRO                                                                
         4 TEU                                                                  
                                                                                

       DNI P                                                                    
---------- ------------------------------------------------------------         
       CAR CAT                                                                  
---------- -----                                                                
      4444 MARIA                                                                
         7 TU                                                                   
                                                                                
      5555 IVAN                                                                 
         1 CEU                                                                  
                                                                                
      6666 CARMEN                                                               
         3 CD                                                                   
                                                                                

       DNI P                                                                    
---------- ------------------------------------------------------------         
       CAR CAT                                                                  
---------- -----                                                                
      7777 MARIO                                                                
         2 TU                                                                   
                                                                                
      8888 FRANCISCO                                                            
         5 TU                                                                   
                                                                                
      9999 ANGELA                                                               
         8 TEU                                                                  
                                                                                

       DNI P                                                                    
---------- ------------------------------------------------------------         
       CAR CAT                                                                  
---------- -----                                                                
      1010 DAVID                                                                
         4 TU                                                                   
                                                                                
      2020 SOLEDAD                                                              
         7 CU                                                                   
                                                                                
      3030 JOSE MANUEL                                                          
         6 TEU                                                                  
                                                                                

12 rows selected.

SQL> SET LINESIZE 180
SQL> ;
  1  SELECT * FROM PROFESOR
  2* 
SQL> SELECT * FROM PROFESOR;

       DNI P                                                                   CAR CAT                                                                                              
---------- ------------------------------------------------------------ ---------- -----                                                                                            
      1111 JUAN                                                                  6 CU                                                                                               
      2222 CARLOS                                                                7 TU                                                                                               
      3333 PEDRO                                                                 4 TEU                                                                                              
      4444 MARIA                                                                 7 TU                                                                                               
      5555 IVAN                                                                  1 CEU                                                                                              
      6666 CARMEN                                                                3 CD                                                                                               
      7777 MARIO                                                                 2 TU                                                                                               
      8888 FRANCISCO                                                             5 TU                                                                                               
      9999 ANGELA                                                                8 TEU                                                                                              
      1010 DAVID                                                                 4 TU                                                                                               
      2020 SOLEDAD                                                               7 CU                                                                                               

       DNI P                                                                   CAR CAT                                                                                              
---------- ------------------------------------------------------------ ---------- -----                                                                                            
      3030 JOSE MANUEL                                                           6 TEU                                                                                              

12 rows selected.

SQL> SPOOL OFF
SQL> INSERT INTO ASIGNATURA VALUES( 1, 'BASES DE DATOS', 'GII', 3, 7, 3, 1.5, 1.5);

1 row created.

SQL> INSERT INTO ASIGNATURA VALUES( 2, 'INTELIGENCIA ARTIFICIAL', 'GII', 3,4, 1.5, 1.5,3);

1 row created.

SQL> INSERT INTO ASIGNATURA VALUES( 3, 'ALMACENES DE DATOS', 'MII',1,7,1.5,0,1.5);

1 row created.

SQL> INSERT INTO ASIGNATURA VALUES( 4, 'MINERIA DE DATOS', 'MII', 1,7,1.5,0,1.5);

1 row created.

SQL> INSERT INTO ASIGNATURA VALUES( 5, 'INFORMATICA BASICA','GII',1,7,3,1.5,1.5);

1 row created.

SQL> INSERT INTO ASIGNATURA VALUES( 6, 'ALGEBRA', 'GII', 1,1,3,3,0);

1 row created.

SQL> INSERT INTO ASIGNATURA VALUES(7, 'CALCULO', 'GII', 1,8,3,3,0);

1 row created.

SQL> INSERT INTO ASIGNATURA VALUES(8,'OPTIMIZACION', 'GII',1,6,3,1.5,1.5);

1 row created.

SQL> INSERT INTO ASIGNATURA VALUES(9,'GESTION DE RIESGOS', 'GII', 3,4,3,0,3);

1 row created.

SQL> INSERT INTO ASIGNATURA VALUES(10,'ASTRONOMIA','GF',2,3,3,1.5,1.5);

1 row created.

SQL> INSERT INTO ASIGNATURA VALUES(11,'ENSENANZA DE LA MATEMATICA', 'GM',2,5,6,0,0);

1 row created.

SQL> INSERT INTO ASIGNATURA VALUES(12, 'ANALISIS COMPLEJO', 'GM', 4,2,4.5,3,0);

1 row created.

SQL> COMMIT;

Commit complete.

SQL> SELECT * FROM ASIGNATURA
  2  ;

       CAS A                                                  T           CUR   
---------- -------------------------------------------------- ---- ----------   
       CAR         CT         CP         CL                                     
---------- ---------- ---------- ----------                                     
         1 BASES DE DATOS                                     GII           3   
         7          3        1.5        1.5                                     
                                                                                
         2 INTELIGENCIA ARTIFICIAL                            GII           3   
         4        1.5        1.5          3                                     
                                                                                
         3 ALMACENES DE DATOS                                 MII           1   
         7        1.5          0        1.5                                     
                                                                                

       CAS A                                                  T           CUR   
---------- -------------------------------------------------- ---- ----------   
       CAR         CT         CP         CL                                     
---------- ---------- ---------- ----------                                     
         4 MINERIA DE DATOS                                   MII           1   
         7        1.5          0        1.5                                     
                                                                                
         5 INFORMATICA BASICA                                 GII           1   
         7          3        1.5        1.5                                     
                                                                                
         6 ALGEBRA                                            GII           1   
         1          3          3          0                                     
                                                                                

       CAS A                                                  T           CUR   
---------- -------------------------------------------------- ---- ----------   
       CAR         CT         CP         CL                                     
---------- ---------- ---------- ----------                                     
         7 CALCULO                                            GII           1   
         8          3          3          0                                     
                                                                                
         8 OPTIMIZACION                                       GII           1   
         6          3        1.5        1.5                                     
                                                                                
         9 GESTION DE RIESGOS                                 GII           3   
         4          3          0          3                                     
                                                                                

       CAS A                                                  T           CUR   
---------- -------------------------------------------------- ---- ----------   
       CAR         CT         CP         CL                                     
---------- ---------- ---------- ----------                                     
        10 ASTRONOMIA                                         GF            2   
         3          3        1.5        1.5                                     
                                                                                
        11 ENSENANZA DE LA MATEMATICA                         GM            2   
         5          6          0          0                                     
                                                                                
        12 ANALISIS COMPLEJO                                  GM            4   
         2        4.5          3          0                                     
                                                                                

12 rows selected.

SQL> SPOOL OFF

SQL> SPOOL
currently spooling to P3.lst
SQL> INSERT INTO PLAN_DOCENTE
  2  VALUES(4444,1,3,1.5,1.5,'01-SEP-11',NULL);

1 row created.

SQL> INSERT INTO PLAN_DOCENTE VALUES(4444,4,1.5,0,1.5,'01-SEP-08','31-AUG-10');

1 row created.

SQL> INSERT INTO PLAN_DOCENTE VALUES(4444,5,3,0,0,'01-SEP-10',NULL);

1 row created.

SQL> INSERT INTO PLAN_DOCENTE VALUES(1111,8,3,1.5,1.5,'01-SEP-07','31-AUG-09');

1 row created.

SQL> INSERT INTO PLAN_DOCENTE VALUES(1111,8,3,0,0,'01-SEP-09',NULL);

1 row created.

SQL> INSERT INTO PLAN_DOCENTE VALUES(3030,8,0,1.5,1.5,'01-SEP-09,NULL);
ERROR:
ORA-01756: quoted string not properly terminated 


SQL> INSERT INTO PLAN_DOCENTE VALUES(3030,8,0,1.5,1.5,'01-SEP-09',NULL);

1 row created.

SQL> INSERT INTO PLAN_DOCENTE VALUES(2222,4,1.5,0,1.5,'01-SEP-09',NULL);

1 row created.

SQL> INSERT INTO PLAN_DOCENTE VALUES(2222,3,1.5,0,1.5,'01-SEP-06','31-AUG-07');

1 row created.

SQL> INSERT INTO PLAN_DOCENTE VALUES(1010,2,1.5,1.5,3,'01-09-05','31-AUG-08');
INSERT INTO PLAN_DOCENTE VALUES(1010,2,1.5,1.5,3,'01-09-05','31-AUG-08')
                                                 *
ERROR at line 1:
ORA-01843: not a valid month 


SQL> INSERT INTO PLAN_DOCENTE VALUES(1010,2,1.5,1.5,3,'01-SEP-05','31-AUG-08');

1 row created.

SQL> INSERT INTO PLAN_DOCENTE VALUES(3333,2,1.5,1.5,3,'01-SEP-08',NULL);

1 row created.

SQL> INSERT INTO PLAN_DOCENTE VALUES(1010,9,3,0,3,'01-SEP-08','31-AUG-09');

1 row created.

SQL> INSERT INTO PLAN_DOCENTE VALUES(1010,9,1.5,0,1.5,'01-SEP-09',NULL);

1 row created.

SQL> INSERT INTO PLAN_DOCENTE VALUES(9999,7,3,3,0,'01-SEP-10',NULL);

1 row created.

SQL> INSERT INTO PLAN_DOCENTE VALUES(5555,6,3,3,0,'31-MAR-10',NULL);

1 row created.

SQL> INSERT INTO PLAN_DOCENTE VALUES(6666,10,3,1.5,1.5,'01-SEP-08','31-AUG-11');

1 row created.

SQL> INSERT INTO PLAN_DOCENTE VALUES(8888,11,6,0,0,'01-SEP-09',NULL);

1 row created.

SQL> INSERT INTO PLAN_DOCENTE VALUES(2020,3,1.5,0,1.5,'01-SEP-08',NULL);

1 row created.

SQL> INSERT INTO PLAN_DOCENTE VALUES(7777,12,4.5,3,0,'01-SEP-10',NULL);

1 row created.

SQL> INSERT INTO PLAN_DOCENTE VALUES(3333,9,1.5,0,1.5,'01-SEP-09',NULL);

1 row created.

SQL> COMMIT;

Commit complete.

SQL> SELECT * FROM PLAN_DOCENTE;

       DNI        CAS        CTA        CPA        CLA FI        FF             
---------- ---------- ---------- ---------- ---------- --------- ---------      
      4444          1          3        1.5        1.5 01-SEP-11                
      4444          4        1.5          0        1.5 01-SEP-08 31-AUG-10      
      4444          5          3          0          0 01-SEP-10                
      1111          8          3        1.5        1.5 01-SEP-07 31-AUG-09      
      1111          8          3          0          0 01-SEP-09                
      3030          8          0        1.5        1.5 01-SEP-09                
      2222          4        1.5          0        1.5 01-SEP-09                
      2222          3        1.5          0        1.5 01-SEP-06 31-AUG-07      
      1010          2        1.5        1.5          3 01-SEP-05 31-AUG-08      
      3333          2        1.5        1.5          3 01-SEP-08                
      1010          9          3          0          3 01-SEP-08 31-AUG-09      

       DNI        CAS        CTA        CPA        CLA FI        FF             
---------- ---------- ---------- ---------- ---------- --------- ---------      
      1010          9        1.5          0        1.5 01-SEP-09                
      9999          7          3          3          0 01-SEP-10                
      5555          6          3          3          0 31-MAR-10                
      6666         10          3        1.5        1.5 01-SEP-08 31-AUG-11      
      8888         11          6          0          0 01-SEP-09                
      2020          3        1.5          0        1.5 01-SEP-08                
      7777         12        4.5          3          0 01-SEP-10                
      3333          9        1.5          0        1.5 01-SEP-09                

19 rows selected.

SQL> SPOOL OFF
